># Comments
#^^^^^^^^^^ source.just comment.line.number-sign.just
>
># I am a comment
#^^^^^^^^^^^^^^^^ source.just comment.line.number-sign.just
>