># Noise operators
#^^^^^^^^^^^^^^^^^ source.just comment.line.number-sign.just
>
>@quiet:
#^ source.just keyword.other.recipe.prefix.just
# ^^^^^ source.just entity.name.function.just
#      ^ source.just keyword.operator.recipe.end.just
>  echo hello
#^^^^^^^^^^^^^ source.just
>
>_private:
#^ source.just keyword.other.recipe.prefix.just
# ^^^^^^^ source.just entity.name.function.just
#        ^ source.just keyword.operator.recipe.end.just
>  echo hello
#^^^^^^^^^^^^^ source.just
>
>body:
#^^^^ source.just entity.name.function.just
#    ^ source.just keyword.operator.recipe.end.just
>  -echo "suppress error"
#^^ source.just
#  ^ source.just keyword.operator.error-suppression.just
#   ^^^^^ source.just
#        ^ source.just string.quoted.double.just string.quoted.double.just
#         ^^^^^^^^^^^^^^ source.just string.quoted.double.just
#                       ^ source.just string.quoted.double.just
>  @echo quiet
#^^ source.just
#  ^ source.just keyword.operator.quiet.just
#   ^^^^^^^^^^^ source.just
>